// Jest Snapshot v1, https://goo.gl/fbAQLP

exports[`about-page renders correctly 1`] = `
"
      <section>
        <h2>Paints For Kids</h2>
        <p>
          <em>Paint for Kids</em> is a free paint app, with no ads and no
          tracking code. No cookies or whatsoever are used to track you or the
          usage of the app. No data about users or devices are collected. I only
          count the number of downloads. It can be installed on most devices, by
          just adding it to the home screen. The app works offline. It is
          mulittouch compatible.
        </p>
        <p>
          Main goal of this app is having fun with painting. Even little kids
          should have no problems using it and parents should not have any
          privacy concerns letting them.
        </p>
        <p>Use a touch screen compatible pen for the best user experience.</p>
        <p>
          Half of the revenue will go to charity. Twice a year I will publish
          here the revenue numbers, my expenses and which charity facilities I
          support.
        </p>
        <p>
          If you have any issues with the app or want to see new features, just
          create an github issue please.
        </p>
        <dl>
          <dt>Github</dt>
          <dd>
            <a href=\\"https://github.com/Waxolunist/paint2\\" target=\\"_blank\\">Waxolunist/paint2</a>
          </dd>
          <dt>About the author</dt>
          <dd>
            <a href=\\"https://christian.sterzl.info\\" target=\\"_blank\\">Christian Sterzl</a>
          </dd>
        </dl>
        <dl class=\\"opsinfo\\">
          <dt>Version</dt>
          <dd></dd>
          <dt>Build</dt>
          <dd></dd>
          <dt>Commit</dt>
          <dd></dd>
          <dt>Environment</dt>
          <dd>test</dd>
        </dl>
        <p class=\\"back-button\\">
          <paint-icon-button class=\\"back-button\\">
            <svg xmlns=\\"http://www.w3.org/2000/svg\\" viewBox=\\"0 0 448 512\\">
  <path d=\\"M257.5 445.1l-22.2 22.2c-9.4 9.4-24.6 9.4-33.9 0L7 273c-9.4-9.4-9.4-24.6 0-33.9L201.4 44.7c9.4-9.4 24.6-9.4 33.9 0l22.2 22.2c9.5 9.5 9.3 25-.4 34.3L136.6 216H424c13.3 0 24 10.7 24 24v32c0 13.3-10.7 24-24 24H136.6l120.5 114.8c9.8 9.3 10 24.8.4 34.3z\\"></path>
</svg>
          </paint-icon-button>
        </p>
      </section>
    <style>
      :host {
        display: block;
        padding: 2em;
      }

      p.back-button {
        display: flex;
        justify-content: center;
      }

      paint-icon-button.back-button {
        --icon-size: 100px;
        width: 100px;
        height: 100px;
      }

      section {
        font-family: system-ui, sans-serif;
        font-size: large;
      }

      dt {
        font-weight: bold;
      }

      em {
        text-decoration: underline;
      }

      .opsinfo {
        font-size: smaller;
      }
    </style>"
`;
